Archive member included because of file (symbol)

c:/program files/gnu tools arm embedded/4.9 2015q1/bin/../lib/gcc/arm-none-eabi/4.9.3/../../../../arm-none-eabi/lib/armv7e-m\libc.a(lib_a-exit.o)
                              c:/program files/gnu tools arm embedded/4.9 2015q1/bin/../lib/gcc/arm-none-eabi/4.9.3/../../../../arm-none-eabi/lib/armv7e-m/crt0.o (exit)
c:/program files/gnu tools arm embedded/4.9 2015q1/bin/../lib/gcc/arm-none-eabi/4.9.3/../../../../arm-none-eabi/lib/armv7e-m\libc.a(lib_a-impure.o)
                              c:/program files/gnu tools arm embedded/4.9 2015q1/bin/../lib/gcc/arm-none-eabi/4.9.3/../../../../arm-none-eabi/lib/armv7e-m\libc.a(lib_a-exit.o) (_global_impure_ptr)
c:/program files/gnu tools arm embedded/4.9 2015q1/bin/../lib/gcc/arm-none-eabi/4.9.3/../../../../arm-none-eabi/lib/armv7e-m\libc.a(lib_a-init.o)
                              c:/program files/gnu tools arm embedded/4.9 2015q1/bin/../lib/gcc/arm-none-eabi/4.9.3/../../../../arm-none-eabi/lib/armv7e-m/crt0.o (__libc_init_array)
c:/program files/gnu tools arm embedded/4.9 2015q1/bin/../lib/gcc/arm-none-eabi/4.9.3/../../../../arm-none-eabi/lib/armv7e-m\libc.a(lib_a-memset.o)
                              c:/program files/gnu tools arm embedded/4.9 2015q1/bin/../lib/gcc/arm-none-eabi/4.9.3/../../../../arm-none-eabi/lib/armv7e-m/crt0.o (memset)
c:/program files/gnu tools arm embedded/4.9 2015q1/bin/../lib/gcc/arm-none-eabi/4.9.3/../../../../arm-none-eabi/lib/armv7e-m\libc.a(lib_a-__call_atexit.o)
                              c:/program files/gnu tools arm embedded/4.9 2015q1/bin/../lib/gcc/arm-none-eabi/4.9.3/../../../../arm-none-eabi/lib/armv7e-m\libc.a(lib_a-exit.o) (__call_exitprocs)
c:/program files/gnu tools arm embedded/4.9 2015q1/bin/../lib/gcc/arm-none-eabi/4.9.3/../../../../arm-none-eabi/lib/armv7e-m\libc.a(lib_a-atexit.o)
                              c:/program files/gnu tools arm embedded/4.9 2015q1/bin/../lib/gcc/arm-none-eabi/4.9.3/../../../../arm-none-eabi/lib/armv7e-m\libc.a(lib_a-__call_atexit.o) (atexit)
c:/program files/gnu tools arm embedded/4.9 2015q1/bin/../lib/gcc/arm-none-eabi/4.9.3/../../../../arm-none-eabi/lib/armv7e-m\libc.a(lib_a-fini.o)
                              c:/program files/gnu tools arm embedded/4.9 2015q1/bin/../lib/gcc/arm-none-eabi/4.9.3/../../../../arm-none-eabi/lib/armv7e-m\libc.a(lib_a-__call_atexit.o) (__libc_fini_array)
c:/program files/gnu tools arm embedded/4.9 2015q1/bin/../lib/gcc/arm-none-eabi/4.9.3/../../../../arm-none-eabi/lib/armv7e-m\libc.a(lib_a-__atexit.o)
                              c:/program files/gnu tools arm embedded/4.9 2015q1/bin/../lib/gcc/arm-none-eabi/4.9.3/../../../../arm-none-eabi/lib/armv7e-m\libc.a(lib_a-atexit.o) (__register_exitproc)

Discarded input sections

 .text          0x00000000        0x0 c:/program files/gnu tools arm embedded/4.9 2015q1/bin/../lib/gcc/arm-none-eabi/4.9.3/armv7e-m/crti.o
 .data          0x00000000        0x0 c:/program files/gnu tools arm embedded/4.9 2015q1/bin/../lib/gcc/arm-none-eabi/4.9.3/armv7e-m/crti.o
 .bss           0x00000000        0x0 c:/program files/gnu tools arm embedded/4.9 2015q1/bin/../lib/gcc/arm-none-eabi/4.9.3/armv7e-m/crti.o
 .data          0x00000000        0x4 c:/program files/gnu tools arm embedded/4.9 2015q1/bin/../lib/gcc/arm-none-eabi/4.9.3/armv7e-m/crtbegin.o
 .text          0x00000000       0x74 c:/program files/gnu tools arm embedded/4.9 2015q1/bin/../lib/gcc/arm-none-eabi/4.9.3/../../../../arm-none-eabi/lib/armv7e-m/crt0.o
 .data          0x00000000        0x0 c:/program files/gnu tools arm embedded/4.9 2015q1/bin/../lib/gcc/arm-none-eabi/4.9.3/../../../../arm-none-eabi/lib/armv7e-m/crt0.o
 .bss           0x00000000        0x0 c:/program files/gnu tools arm embedded/4.9 2015q1/bin/../lib/gcc/arm-none-eabi/4.9.3/../../../../arm-none-eabi/lib/armv7e-m/crt0.o
 .ARM.extab     0x00000000        0x0 c:/program files/gnu tools arm embedded/4.9 2015q1/bin/../lib/gcc/arm-none-eabi/4.9.3/../../../../arm-none-eabi/lib/armv7e-m/crt0.o
 .ARM.exidx     0x00000000        0x8 c:/program files/gnu tools arm embedded/4.9 2015q1/bin/../lib/gcc/arm-none-eabi/4.9.3/../../../../arm-none-eabi/lib/armv7e-m/crt0.o
 .ARM.attributes
                0x00000000       0x1c c:/program files/gnu tools arm embedded/4.9 2015q1/bin/../lib/gcc/arm-none-eabi/4.9.3/../../../../arm-none-eabi/lib/armv7e-m/crt0.o
 .text          0x00000000        0x0 c:/program files/gnu tools arm embedded/4.9 2015q1/bin/../lib/gcc/arm-none-eabi/4.9.3/../../../../arm-none-eabi/lib/armv7e-m\libc.a(lib_a-exit.o)
 .data          0x00000000        0x0 c:/program files/gnu tools arm embedded/4.9 2015q1/bin/../lib/gcc/arm-none-eabi/4.9.3/../../../../arm-none-eabi/lib/armv7e-m\libc.a(lib_a-exit.o)
 .bss           0x00000000        0x0 c:/program files/gnu tools arm embedded/4.9 2015q1/bin/../lib/gcc/arm-none-eabi/4.9.3/../../../../arm-none-eabi/lib/armv7e-m\libc.a(lib_a-exit.o)
 .text.exit     0x00000000       0x20 c:/program files/gnu tools arm embedded/4.9 2015q1/bin/../lib/gcc/arm-none-eabi/4.9.3/../../../../arm-none-eabi/lib/armv7e-m\libc.a(lib_a-exit.o)
 .debug_frame   0x00000000       0x28 c:/program files/gnu tools arm embedded/4.9 2015q1/bin/../lib/gcc/arm-none-eabi/4.9.3/../../../../arm-none-eabi/lib/armv7e-m\libc.a(lib_a-exit.o)
 .ARM.attributes
                0x00000000       0x2e c:/program files/gnu tools arm embedded/4.9 2015q1/bin/../lib/gcc/arm-none-eabi/4.9.3/../../../../arm-none-eabi/lib/armv7e-m\libc.a(lib_a-exit.o)
 .text          0x00000000        0x0 c:/program files/gnu tools arm embedded/4.9 2015q1/bin/../lib/gcc/arm-none-eabi/4.9.3/../../../../arm-none-eabi/lib/armv7e-m\libc.a(lib_a-impure.o)
 .data          0x00000000        0x0 c:/program files/gnu tools arm embedded/4.9 2015q1/bin/../lib/gcc/arm-none-eabi/4.9.3/../../../../arm-none-eabi/lib/armv7e-m\libc.a(lib_a-impure.o)
 .bss           0x00000000        0x0 c:/program files/gnu tools arm embedded/4.9 2015q1/bin/../lib/gcc/arm-none-eabi/4.9.3/../../../../arm-none-eabi/lib/armv7e-m\libc.a(lib_a-impure.o)
 .data._impure_ptr
                0x00000000        0x4 c:/program files/gnu tools arm embedded/4.9 2015q1/bin/../lib/gcc/arm-none-eabi/4.9.3/../../../../arm-none-eabi/lib/armv7e-m\libc.a(lib_a-impure.o)
 .ARM.attributes
                0x00000000       0x2e c:/program files/gnu tools arm embedded/4.9 2015q1/bin/../lib/gcc/arm-none-eabi/4.9.3/../../../../arm-none-eabi/lib/armv7e-m\libc.a(lib_a-impure.o)
 .text          0x00000000        0x0 c:/program files/gnu tools arm embedded/4.9 2015q1/bin/../lib/gcc/arm-none-eabi/4.9.3/../../../../arm-none-eabi/lib/armv7e-m\libc.a(lib_a-init.o)
 .data          0x00000000        0x0 c:/program files/gnu tools arm embedded/4.9 2015q1/bin/../lib/gcc/arm-none-eabi/4.9.3/../../../../arm-none-eabi/lib/armv7e-m\libc.a(lib_a-init.o)
 .bss           0x00000000        0x0 c:/program files/gnu tools arm embedded/4.9 2015q1/bin/../lib/gcc/arm-none-eabi/4.9.3/../../../../arm-none-eabi/lib/armv7e-m\libc.a(lib_a-init.o)
 .debug_frame   0x00000000       0x2c c:/program files/gnu tools arm embedded/4.9 2015q1/bin/../lib/gcc/arm-none-eabi/4.9.3/../../../../arm-none-eabi/lib/armv7e-m\libc.a(lib_a-init.o)
 .ARM.attributes
                0x00000000       0x2e c:/program files/gnu tools arm embedded/4.9 2015q1/bin/../lib/gcc/arm-none-eabi/4.9.3/../../../../arm-none-eabi/lib/armv7e-m\libc.a(lib_a-init.o)
 .text          0x00000000        0x0 c:/program files/gnu tools arm embedded/4.9 2015q1/bin/../lib/gcc/arm-none-eabi/4.9.3/../../../../arm-none-eabi/lib/armv7e-m\libc.a(lib_a-memset.o)
 .data          0x00000000        0x0 c:/program files/gnu tools arm embedded/4.9 2015q1/bin/../lib/gcc/arm-none-eabi/4.9.3/../../../../arm-none-eabi/lib/armv7e-m\libc.a(lib_a-memset.o)
 .bss           0x00000000        0x0 c:/program files/gnu tools arm embedded/4.9 2015q1/bin/../lib/gcc/arm-none-eabi/4.9.3/../../../../arm-none-eabi/lib/armv7e-m\libc.a(lib_a-memset.o)
 .text.memset   0x00000000       0x9c c:/program files/gnu tools arm embedded/4.9 2015q1/bin/../lib/gcc/arm-none-eabi/4.9.3/../../../../arm-none-eabi/lib/armv7e-m\libc.a(lib_a-memset.o)
 .debug_frame   0x00000000       0x34 c:/program files/gnu tools arm embedded/4.9 2015q1/bin/../lib/gcc/arm-none-eabi/4.9.3/../../../../arm-none-eabi/lib/armv7e-m\libc.a(lib_a-memset.o)
 .ARM.attributes
                0x00000000       0x2e c:/program files/gnu tools arm embedded/4.9 2015q1/bin/../lib/gcc/arm-none-eabi/4.9.3/../../../../arm-none-eabi/lib/armv7e-m\libc.a(lib_a-memset.o)
 .text          0x00000000        0x0 c:/program files/gnu tools arm embedded/4.9 2015q1/bin/../lib/gcc/arm-none-eabi/4.9.3/../../../../arm-none-eabi/lib/armv7e-m\libc.a(lib_a-__call_atexit.o)
 .data          0x00000000        0x0 c:/program files/gnu tools arm embedded/4.9 2015q1/bin/../lib/gcc/arm-none-eabi/4.9.3/../../../../arm-none-eabi/lib/armv7e-m\libc.a(lib_a-__call_atexit.o)
 .bss           0x00000000        0x0 c:/program files/gnu tools arm embedded/4.9 2015q1/bin/../lib/gcc/arm-none-eabi/4.9.3/../../../../arm-none-eabi/lib/armv7e-m\libc.a(lib_a-__call_atexit.o)
 .text.__call_exitprocs
                0x00000000       0xd4 c:/program files/gnu tools arm embedded/4.9 2015q1/bin/../lib/gcc/arm-none-eabi/4.9.3/../../../../arm-none-eabi/lib/armv7e-m\libc.a(lib_a-__call_atexit.o)
 .debug_frame   0x00000000       0x50 c:/program files/gnu tools arm embedded/4.9 2015q1/bin/../lib/gcc/arm-none-eabi/4.9.3/../../../../arm-none-eabi/lib/armv7e-m\libc.a(lib_a-__call_atexit.o)
 .ARM.attributes
                0x00000000       0x2e c:/program files/gnu tools arm embedded/4.9 2015q1/bin/../lib/gcc/arm-none-eabi/4.9.3/../../../../arm-none-eabi/lib/armv7e-m\libc.a(lib_a-__call_atexit.o)
 .text          0x00000000        0x0 c:/program files/gnu tools arm embedded/4.9 2015q1/bin/../lib/gcc/arm-none-eabi/4.9.3/../../../../arm-none-eabi/lib/armv7e-m\libc.a(lib_a-atexit.o)
 .data          0x00000000        0x0 c:/program files/gnu tools arm embedded/4.9 2015q1/bin/../lib/gcc/arm-none-eabi/4.9.3/../../../../arm-none-eabi/lib/armv7e-m\libc.a(lib_a-atexit.o)
 .bss           0x00000000        0x0 c:/program files/gnu tools arm embedded/4.9 2015q1/bin/../lib/gcc/arm-none-eabi/4.9.3/../../../../arm-none-eabi/lib/armv7e-m\libc.a(lib_a-atexit.o)
 .debug_frame   0x00000000       0x20 c:/program files/gnu tools arm embedded/4.9 2015q1/bin/../lib/gcc/arm-none-eabi/4.9.3/../../../../arm-none-eabi/lib/armv7e-m\libc.a(lib_a-atexit.o)
 .ARM.attributes
                0x00000000       0x2e c:/program files/gnu tools arm embedded/4.9 2015q1/bin/../lib/gcc/arm-none-eabi/4.9.3/../../../../arm-none-eabi/lib/armv7e-m\libc.a(lib_a-atexit.o)
 .text          0x00000000        0x0 c:/program files/gnu tools arm embedded/4.9 2015q1/bin/../lib/gcc/arm-none-eabi/4.9.3/../../../../arm-none-eabi/lib/armv7e-m\libc.a(lib_a-fini.o)
 .data          0x00000000        0x0 c:/program files/gnu tools arm embedded/4.9 2015q1/bin/../lib/gcc/arm-none-eabi/4.9.3/../../../../arm-none-eabi/lib/armv7e-m\libc.a(lib_a-fini.o)
 .bss           0x00000000        0x0 c:/program files/gnu tools arm embedded/4.9 2015q1/bin/../lib/gcc/arm-none-eabi/4.9.3/../../../../arm-none-eabi/lib/armv7e-m\libc.a(lib_a-fini.o)
 .debug_frame   0x00000000       0x34 c:/program files/gnu tools arm embedded/4.9 2015q1/bin/../lib/gcc/arm-none-eabi/4.9.3/../../../../arm-none-eabi/lib/armv7e-m\libc.a(lib_a-fini.o)
 .ARM.attributes
                0x00000000       0x2e c:/program files/gnu tools arm embedded/4.9 2015q1/bin/../lib/gcc/arm-none-eabi/4.9.3/../../../../arm-none-eabi/lib/armv7e-m\libc.a(lib_a-fini.o)
 .text          0x00000000        0x0 c:/program files/gnu tools arm embedded/4.9 2015q1/bin/../lib/gcc/arm-none-eabi/4.9.3/../../../../arm-none-eabi/lib/armv7e-m\libc.a(lib_a-__atexit.o)
 .data          0x00000000        0x0 c:/program files/gnu tools arm embedded/4.9 2015q1/bin/../lib/gcc/arm-none-eabi/4.9.3/../../../../arm-none-eabi/lib/armv7e-m\libc.a(lib_a-__atexit.o)
 .bss           0x00000000        0x0 c:/program files/gnu tools arm embedded/4.9 2015q1/bin/../lib/gcc/arm-none-eabi/4.9.3/../../../../arm-none-eabi/lib/armv7e-m\libc.a(lib_a-__atexit.o)
 .debug_frame   0x00000000       0x34 c:/program files/gnu tools arm embedded/4.9 2015q1/bin/../lib/gcc/arm-none-eabi/4.9.3/../../../../arm-none-eabi/lib/armv7e-m\libc.a(lib_a-__atexit.o)
 .ARM.attributes
                0x00000000       0x2e c:/program files/gnu tools arm embedded/4.9 2015q1/bin/../lib/gcc/arm-none-eabi/4.9.3/../../../../arm-none-eabi/lib/armv7e-m\libc.a(lib_a-__atexit.o)
 .data          0x00000000        0x0 ..\obj\main.o
 .bss           0x00000000        0x0 ..\obj\main.o
 .text          0x00000000      0x544 ..\obj\stm32f4xx_hal_cortex.o
 .data          0x00000000        0x0 ..\obj\stm32f4xx_hal_cortex.o
 .bss           0x00000000        0x0 ..\obj\stm32f4xx_hal_cortex.o
 .debug_info    0x00000000      0xbac ..\obj\stm32f4xx_hal_cortex.o
 .debug_abbrev  0x00000000      0x299 ..\obj\stm32f4xx_hal_cortex.o
 .debug_aranges
                0x00000000       0x20 ..\obj\stm32f4xx_hal_cortex.o
 .debug_line    0x00000000      0x32c ..\obj\stm32f4xx_hal_cortex.o
 .debug_str     0x00000000      0xb3f ..\obj\stm32f4xx_hal_cortex.o
 .comment       0x00000000       0x71 ..\obj\stm32f4xx_hal_cortex.o
 .debug_frame   0x00000000      0x428 ..\obj\stm32f4xx_hal_cortex.o
 .ARM.attributes
                0x00000000       0x33 ..\obj\stm32f4xx_hal_cortex.o
 .text          0x00000000        0x0 ..\obj\new.o
 .data          0x00000000        0x0 ..\obj\new.o
 .bss           0x00000000        0x0 ..\obj\new.o
 .debug_line    0x00000000        0x0 ..\obj\new.o
 .debug_str     0x00000000       0x9b ..\obj\new.o
 .comment       0x00000000       0x71 ..\obj\new.o
 .ARM.attributes
                0x00000000       0x33 ..\obj\new.o
 .bss           0x00000000        0x0 ..\obj\system_stm32f4xx.o
 .data          0x00000000        0x0 ..\obj\stm32f4xx_hal_gpio.o
 .bss           0x00000000        0x0 ..\obj\stm32f4xx_hal_gpio.o
 .data          0x00000000        0x0 ..\obj\GPIO.o
 .bss           0x00000000        0x0 ..\obj\GPIO.o
 .text          0x00000000       0x14 ..\obj\startup_stm32f429xx.o
 .data          0x00000000        0x0 ..\obj\startup_stm32f429xx.o
 .bss           0x00000000        0x0 ..\obj\startup_stm32f429xx.o
 .text          0x00000000      0xd74 ..\obj\stm32f4xx_hal_rcc.o
 .data          0x00000000        0x0 ..\obj\stm32f4xx_hal_rcc.o
 .bss           0x00000000        0x0 ..\obj\stm32f4xx_hal_rcc.o
 .rodata        0x00000000       0x10 ..\obj\stm32f4xx_hal_rcc.o
 .debug_info    0x00000000      0xe27 ..\obj\stm32f4xx_hal_rcc.o
 .debug_abbrev  0x00000000      0x25a ..\obj\stm32f4xx_hal_rcc.o
 .debug_aranges
                0x00000000       0x20 ..\obj\stm32f4xx_hal_rcc.o
 .debug_line    0x00000000      0x58f ..\obj\stm32f4xx_hal_rcc.o
 .debug_str     0x00000000      0x6bd ..\obj\stm32f4xx_hal_rcc.o
 .comment       0x00000000       0x71 ..\obj\stm32f4xx_hal_rcc.o
 .debug_frame   0x00000000      0x204 ..\obj\stm32f4xx_hal_rcc.o
 .ARM.attributes
                0x00000000       0x33 ..\obj\stm32f4xx_hal_rcc.o
 .text          0x00000000        0x0 c:/program files/gnu tools arm embedded/4.9 2015q1/bin/../lib/gcc/arm-none-eabi/4.9.3/armv7e-m/crtend.o
 .data          0x00000000        0x0 c:/program files/gnu tools arm embedded/4.9 2015q1/bin/../lib/gcc/arm-none-eabi/4.9.3/armv7e-m/crtend.o
 .bss           0x00000000        0x0 c:/program files/gnu tools arm embedded/4.9 2015q1/bin/../lib/gcc/arm-none-eabi/4.9.3/armv7e-m/crtend.o
 .eh_frame      0x00000000        0x4 c:/program files/gnu tools arm embedded/4.9 2015q1/bin/../lib/gcc/arm-none-eabi/4.9.3/armv7e-m/crtend.o
 .jcr           0x00000000        0x4 c:/program files/gnu tools arm embedded/4.9 2015q1/bin/../lib/gcc/arm-none-eabi/4.9.3/armv7e-m/crtend.o
 .ARM.attributes
                0x00000000       0x2e c:/program files/gnu tools arm embedded/4.9 2015q1/bin/../lib/gcc/arm-none-eabi/4.9.3/armv7e-m/crtend.o
 .text          0x00000000        0x0 c:/program files/gnu tools arm embedded/4.9 2015q1/bin/../lib/gcc/arm-none-eabi/4.9.3/armv7e-m/crtn.o
 .data          0x00000000        0x0 c:/program files/gnu tools arm embedded/4.9 2015q1/bin/../lib/gcc/arm-none-eabi/4.9.3/armv7e-m/crtn.o
 .bss           0x00000000        0x0 c:/program files/gnu tools arm embedded/4.9 2015q1/bin/../lib/gcc/arm-none-eabi/4.9.3/armv7e-m/crtn.o

Memory Configuration

Name             Origin             Length             Attributes
FLASH            0x08000000         0x00200000         xr
RAM              0x20000000         0x00030000         xrw
CCMRAM           0x10000000         0x00010000         rw
*default*        0x00000000         0xffffffff

Linker script and memory map

LOAD c:/program files/gnu tools arm embedded/4.9 2015q1/bin/../lib/gcc/arm-none-eabi/4.9.3/armv7e-m/crti.o
LOAD c:/program files/gnu tools arm embedded/4.9 2015q1/bin/../lib/gcc/arm-none-eabi/4.9.3/armv7e-m/crtbegin.o
LOAD c:/program files/gnu tools arm embedded/4.9 2015q1/bin/../lib/gcc/arm-none-eabi/4.9.3/../../../../arm-none-eabi/lib/armv7e-m/crt0.o
                0x2002ffff                _estack = 0x2002ffff
                0x00000200                _Min_Heap_Size = 0x200
                0x00000400                _Min_Stack_Size = 0x400

.isr_vector     0x08000000      0x1ac
                0x08000000                . = ALIGN (0x4)
 *(.isr_vector)
 .isr_vector    0x08000000      0x1ac ..\obj\startup_stm32f429xx.o
                0x08000000                g_pfnVectors
                0x080001ac                . = ALIGN (0x4)

.text           0x080001ac      0xb40
                0x080001ac                . = ALIGN (0x4)
 *(.text)
 .text          0x080001ac       0x5c c:/program files/gnu tools arm embedded/4.9 2015q1/bin/../lib/gcc/arm-none-eabi/4.9.3/armv7e-m/crtbegin.o
 .text          0x08000208       0xa0 ..\obj\main.o
                0x08000208                delay
                0x08000228                main
 .text          0x080002a8      0x154 ..\obj\system_stm32f4xx.o
                0x080002a8                SystemInit
                0x08000304                SystemCoreClockUpdate
 .text          0x080003fc      0x674 ..\obj\stm32f4xx_hal_gpio.o
                0x080003fc                HAL_GPIO_Init
                0x08000744                HAL_GPIO_DeInit
                0x08000958                HAL_GPIO_ReadPin
                0x08000988                HAL_GPIO_WritePin
                0x080009b8                HAL_GPIO_TogglePin
                0x080009dc                HAL_GPIO_LockPin
                0x08000a2c                HAL_GPIO_EXTI_IRQHandler
                0x08000a5c                HAL_GPIO_EXTI_Callback
 .text          0x08000a70       0xd0 ..\obj\GPIO.o
                0x08000a70                configurePin
                0x08000b00                writeOne
                0x08000b20                writeZero
 *(.text*)
 .text.__libc_init_array
                0x08000b40       0x50 c:/program files/gnu tools arm embedded/4.9 2015q1/bin/../lib/gcc/arm-none-eabi/4.9.3/../../../../arm-none-eabi/lib/armv7e-m\libc.a(lib_a-init.o)
                0x08000b40                __libc_init_array
 .text.startup.register_fini
                0x08000b90       0x14 c:/program files/gnu tools arm embedded/4.9 2015q1/bin/../lib/gcc/arm-none-eabi/4.9.3/../../../../arm-none-eabi/lib/armv7e-m\libc.a(lib_a-__call_atexit.o)
 .text.atexit   0x08000ba4        0xc c:/program files/gnu tools arm embedded/4.9 2015q1/bin/../lib/gcc/arm-none-eabi/4.9.3/../../../../arm-none-eabi/lib/armv7e-m\libc.a(lib_a-atexit.o)
                0x08000ba4                atexit
 .text.__libc_fini_array
                0x08000bb0       0x2c c:/program files/gnu tools arm embedded/4.9 2015q1/bin/../lib/gcc/arm-none-eabi/4.9.3/../../../../arm-none-eabi/lib/armv7e-m\libc.a(lib_a-fini.o)
                0x08000bb0                __libc_fini_array
 .text.__register_exitproc
                0x08000bdc       0xa4 c:/program files/gnu tools arm embedded/4.9 2015q1/bin/../lib/gcc/arm-none-eabi/4.9.3/../../../../arm-none-eabi/lib/armv7e-m\libc.a(lib_a-__atexit.o)
                0x08000bdc                __register_exitproc
 .text.Reset_Handler
                0x08000c80       0x50 ..\obj\startup_stm32f429xx.o
                0x08000c80                Reset_Handler
 .text.Default_Handler
                0x08000cd0        0x2 ..\obj\startup_stm32f429xx.o
                0x08000cd0                RTC_Alarm_IRQHandler
                0x08000cd0                HASH_RNG_IRQHandler
                0x08000cd0                EXTI2_IRQHandler
                0x08000cd0                TIM8_CC_IRQHandler
                0x08000cd0                DebugMon_Handler
                0x08000cd0                UART8_IRQHandler
                0x08000cd0                SPI4_IRQHandler
                0x08000cd0                TIM1_CC_IRQHandler
                0x08000cd0                DMA2_Stream5_IRQHandler
                0x08000cd0                HardFault_Handler
                0x08000cd0                DMA1_Stream5_IRQHandler
                0x08000cd0                SysTick_Handler
                0x08000cd0                PVD_IRQHandler
                0x08000cd0                SDIO_IRQHandler
                0x08000cd0                TAMP_STAMP_IRQHandler
                0x08000cd0                PendSV_Handler
                0x08000cd0                NMI_Handler
                0x08000cd0                CAN2_RX1_IRQHandler
                0x08000cd0                EXTI3_IRQHandler
                0x08000cd0                TIM8_TRG_COM_TIM14_IRQHandler
                0x08000cd0                TIM1_UP_TIM10_IRQHandler
                0x08000cd0                TIM8_UP_TIM13_IRQHandler
                0x08000cd0                I2C3_ER_IRQHandler
                0x08000cd0                EXTI0_IRQHandler
                0x08000cd0                I2C2_EV_IRQHandler
                0x08000cd0                DMA1_Stream2_IRQHandler
                0x08000cd0                CAN1_RX0_IRQHandler
                0x08000cd0                FPU_IRQHandler
                0x08000cd0                OTG_HS_WKUP_IRQHandler
                0x08000cd0                UsageFault_Handler
                0x08000cd0                LTDC_ER_IRQHandler
                0x08000cd0                CAN2_SCE_IRQHandler
                0x08000cd0                DMA2_Stream2_IRQHandler
                0x08000cd0                SPI1_IRQHandler
                0x08000cd0                TIM6_DAC_IRQHandler
                0x08000cd0                TIM1_BRK_TIM9_IRQHandler
                0x08000cd0                DCMI_IRQHandler
                0x08000cd0                CAN2_RX0_IRQHandler
                0x08000cd0                DMA2_Stream3_IRQHandler
                0x08000cd0                USART6_IRQHandler
                0x08000cd0                USART3_IRQHandler
                0x08000cd0                CAN1_RX1_IRQHandler
                0x08000cd0                UART5_IRQHandler
                0x08000cd0                DMA2_Stream0_IRQHandler
                0x08000cd0                TIM4_IRQHandler
                0x08000cd0                I2C1_EV_IRQHandler
                0x08000cd0                DMA1_Stream6_IRQHandler
                0x08000cd0                DMA1_Stream1_IRQHandler
                0x08000cd0                UART4_IRQHandler
                0x08000cd0                TIM3_IRQHandler
                0x08000cd0                RCC_IRQHandler
                0x08000cd0                TIM8_BRK_TIM12_IRQHandler
                0x08000cd0                Default_Handler
                0x08000cd0                EXTI15_10_IRQHandler
                0x08000cd0                ADC_IRQHandler
                0x08000cd0                DMA1_Stream7_IRQHandler
                0x08000cd0                SPI5_IRQHandler
                0x08000cd0                TIM7_IRQHandler
                0x08000cd0                CAN2_TX_IRQHandler
                0x08000cd0                TIM5_IRQHandler
                0x08000cd0                DMA2_Stream7_IRQHandler
                0x08000cd0                I2C3_EV_IRQHandler
                0x08000cd0                EXTI9_5_IRQHandler
                0x08000cd0                RTC_WKUP_IRQHandler
                0x08000cd0                LTDC_IRQHandler
                0x08000cd0                ETH_WKUP_IRQHandler
                0x08000cd0                SPI2_IRQHandler
                0x08000cd0                OTG_HS_EP1_IN_IRQHandler
                0x08000cd0                MemManage_Handler
                0x08000cd0                DMA1_Stream0_IRQHandler
                0x08000cd0                CAN1_TX_IRQHandler
                0x08000cd0                SVC_Handler
                0x08000cd0                EXTI4_IRQHandler
                0x08000cd0                ETH_IRQHandler
                0x08000cd0                OTG_HS_EP1_OUT_IRQHandler
                0x08000cd0                WWDG_IRQHandler
                0x08000cd0                SPI6_IRQHandler
                0x08000cd0                TIM2_IRQHandler
                0x08000cd0                OTG_FS_WKUP_IRQHandler
                0x08000cd0                TIM1_TRG_COM_TIM11_IRQHandler
                0x08000cd0                OTG_HS_IRQHandler
                0x08000cd0                DMA2D_IRQHandler
                0x08000cd0                EXTI1_IRQHandler
                0x08000cd0                UART7_IRQHandler
                0x08000cd0                USART2_IRQHandler
                0x08000cd0                I2C2_ER_IRQHandler
                0x08000cd0                DMA2_Stream1_IRQHandler
                0x08000cd0                CAN1_SCE_IRQHandler
                0x08000cd0                FLASH_IRQHandler
                0x08000cd0                DMA2_Stream4_IRQHandler
                0x08000cd0                BusFault_Handler
                0x08000cd0                USART1_IRQHandler
                0x08000cd0                OTG_FS_IRQHandler
                0x08000cd0                SPI3_IRQHandler
                0x08000cd0                DMA1_Stream4_IRQHandler
                0x08000cd0                I2C1_ER_IRQHandler
                0x08000cd0                FMC_IRQHandler
                0x08000cd0                DMA2_Stream6_IRQHandler
                0x08000cd0                SAI1_IRQHandler
                0x08000cd0                DMA1_Stream3_IRQHandler
 *(.glue_7)
 .glue_7        0x00000000        0x0 linker stubs
 *(.glue_7t)
 .glue_7t       0x00000000        0x0 linker stubs
 *(.eh_frame)
 *fill*         0x08000cd2        0x2 
 .eh_frame      0x08000cd4        0x0 c:/program files/gnu tools arm embedded/4.9 2015q1/bin/../lib/gcc/arm-none-eabi/4.9.3/armv7e-m/crtbegin.o
 *(.init)
 .init          0x08000cd4        0x4 c:/program files/gnu tools arm embedded/4.9 2015q1/bin/../lib/gcc/arm-none-eabi/4.9.3/armv7e-m/crti.o
                0x08000cd4                _init
 .init          0x08000cd8        0x8 c:/program files/gnu tools arm embedded/4.9 2015q1/bin/../lib/gcc/arm-none-eabi/4.9.3/armv7e-m/crtn.o
 *(.fini)
 .fini          0x08000ce0        0x4 c:/program files/gnu tools arm embedded/4.9 2015q1/bin/../lib/gcc/arm-none-eabi/4.9.3/armv7e-m/crti.o
                0x08000ce0                _fini
 .fini          0x08000ce4        0x8 c:/program files/gnu tools arm embedded/4.9 2015q1/bin/../lib/gcc/arm-none-eabi/4.9.3/armv7e-m/crtn.o
                0x08000cec                . = ALIGN (0x4)
                0x08000cec                _etext = .

.vfp11_veneer   0x08000cec        0x0
 .vfp11_veneer  0x00000000        0x0 linker stubs

.v4_bx          0x08000cec        0x0
 .v4_bx         0x00000000        0x0 linker stubs

.iplt           0x08000cec        0x0
 .iplt          0x00000000        0x0 c:/program files/gnu tools arm embedded/4.9 2015q1/bin/../lib/gcc/arm-none-eabi/4.9.3/armv7e-m/crtbegin.o

.rodata         0x08000cec        0x8
                0x08000cec                . = ALIGN (0x4)
 *(.rodata)
 *(.rodata*)
 .rodata.str1.4
                0x08000cec        0x4 c:/program files/gnu tools arm embedded/4.9 2015q1/bin/../lib/gcc/arm-none-eabi/4.9.3/../../../../arm-none-eabi/lib/armv7e-m\libc.a(lib_a-impure.o)
 .rodata._global_impure_ptr
                0x08000cf0        0x4 c:/program files/gnu tools arm embedded/4.9 2015q1/bin/../lib/gcc/arm-none-eabi/4.9.3/../../../../arm-none-eabi/lib/armv7e-m\libc.a(lib_a-impure.o)
                0x08000cf0                _global_impure_ptr
                0x08000cf4                . = ALIGN (0x4)

.rel.dyn        0x08000cf4        0x0
 .rel.iplt      0x00000000        0x0 c:/program files/gnu tools arm embedded/4.9 2015q1/bin/../lib/gcc/arm-none-eabi/4.9.3/armv7e-m/crtbegin.o

.ARM.extab
 *(.ARM.extab* .gnu.linkonce.armextab.*)

.ARM            0x08000cf4        0x0
                0x08000cf4                __exidx_start = .
 *(.ARM.exidx*)
                0x08000cf4                __exidx_end = .

.preinit_array  0x08000cf4        0x0
                0x08000cf4                PROVIDE (__preinit_array_start, .)
 *(.preinit_array*)
                0x08000cf4                PROVIDE (__preinit_array_end, .)

.init_array     0x08000cf4        0x8
                0x08000cf4                PROVIDE (__init_array_start, .)
 *(SORT(.init_array.*))
 .init_array.00000
                0x08000cf4        0x4 c:/program files/gnu tools arm embedded/4.9 2015q1/bin/../lib/gcc/arm-none-eabi/4.9.3/../../../../arm-none-eabi/lib/armv7e-m\libc.a(lib_a-__call_atexit.o)
 *(.init_array*)
 .init_array    0x08000cf8        0x4 c:/program files/gnu tools arm embedded/4.9 2015q1/bin/../lib/gcc/arm-none-eabi/4.9.3/armv7e-m/crtbegin.o
                0x08000cfc                PROVIDE (__init_array_end, .)

.fini_array     0x08000cfc        0x4
                0x08000cfc                PROVIDE (__fini_array_start, .)
 *(SORT(.fini_array.*))
 *(.fini_array*)
 .fini_array    0x08000cfc        0x4 c:/program files/gnu tools arm embedded/4.9 2015q1/bin/../lib/gcc/arm-none-eabi/4.9.3/armv7e-m/crtbegin.o
                0x08000d00                PROVIDE (__fini_array_end, .)
                0x08000d00                _sidata = LOADADDR (.data)

.data           0x20000000      0x440 load address 0x08000d00
                0x20000000                . = ALIGN (0x4)
                0x20000000                _sdata = .
 *(.data)
 .data          0x20000000       0x14 ..\obj\system_stm32f4xx.o
                0x20000000                SystemCoreClock
                0x20000004                AHBPrescTable
 *(.data*)
 *fill*         0x20000014        0x4 
 .data.impure_data
                0x20000018      0x428 c:/program files/gnu tools arm embedded/4.9 2015q1/bin/../lib/gcc/arm-none-eabi/4.9.3/../../../../arm-none-eabi/lib/armv7e-m\libc.a(lib_a-impure.o)
                0x20000440                . = ALIGN (0x4)
                0x20000440                _edata = .
                0x08001140                _siccmram = LOADADDR (.ccmram)

.jcr            0x20000440        0x0 load address 0x08001140
 .jcr           0x20000440        0x0 c:/program files/gnu tools arm embedded/4.9 2015q1/bin/../lib/gcc/arm-none-eabi/4.9.3/armv7e-m/crtbegin.o

.igot.plt       0x20000440        0x0 load address 0x08001140
 .igot.plt      0x00000000        0x0 c:/program files/gnu tools arm embedded/4.9 2015q1/bin/../lib/gcc/arm-none-eabi/4.9.3/armv7e-m/crtbegin.o

.ccmram         0x10000000        0x0 load address 0x08001140
                0x10000000                . = ALIGN (0x4)
                0x10000000                _sccmram = .
 *(.ccmram)
 *(.ccmram*)
                0x10000000                . = ALIGN (0x4)
                0x10000000                _eccmram = .
                0x10000000                . = ALIGN (0x4)

.bss            0x20000440       0x1c
                0x20000440                _sbss = .
                0x20000440                __bss_start__ = _sbss
 *(.bss)
 .bss           0x20000440       0x1c c:/program files/gnu tools arm embedded/4.9 2015q1/bin/../lib/gcc/arm-none-eabi/4.9.3/armv7e-m/crtbegin.o
 *(.bss*)
 *(COMMON)
                0x2000045c                . = ALIGN (0x4)
                0x2000045c                _ebss = .
                0x2000045c                __bss_end__ = _ebss

._user_heap_stack
                0x2000045c      0x600
                0x2000045c                . = ALIGN (0x4)
                0x2000045c                PROVIDE (end, .)
                0x2000045c                PROVIDE (_end, .)
                0x2000065c                . = (. + _Min_Heap_Size)
 *fill*         0x2000045c      0x200 
                0x20000a5c                . = (. + _Min_Stack_Size)
 *fill*         0x2000065c      0x400 
                0x20000a5c                . = ALIGN (0x4)

/DISCARD/
 libc.a(*)
 libm.a(*)
 libgcc.a(*)

.ARM.attributes
                0x00000000       0x2a
 *(.ARM.attributes)
 .ARM.attributes
                0x00000000       0x1e c:/program files/gnu tools arm embedded/4.9 2015q1/bin/../lib/gcc/arm-none-eabi/4.9.3/armv7e-m/crti.o
 .ARM.attributes
                0x0000001e       0x2e c:/program files/gnu tools arm embedded/4.9 2015q1/bin/../lib/gcc/arm-none-eabi/4.9.3/armv7e-m/crtbegin.o
 .ARM.attributes
                0x0000004c       0x33 ..\obj\main.o
 .ARM.attributes
                0x0000007f       0x33 ..\obj\system_stm32f4xx.o
 .ARM.attributes
                0x000000b2       0x33 ..\obj\stm32f4xx_hal_gpio.o
 .ARM.attributes
                0x000000e5       0x33 ..\obj\GPIO.o
 .ARM.attributes
                0x00000118       0x21 ..\obj\startup_stm32f429xx.o
 .ARM.attributes
                0x00000139       0x1e c:/program files/gnu tools arm embedded/4.9 2015q1/bin/../lib/gcc/arm-none-eabi/4.9.3/armv7e-m/crtn.o
LOAD ..\obj\main.o
LOAD ..\obj\stm32f4xx_hal_cortex.o
LOAD ..\obj\new.o
LOAD ..\obj\system_stm32f4xx.o
LOAD ..\obj\stm32f4xx_hal_gpio.o
LOAD ..\obj\GPIO.o
LOAD ..\obj\startup_stm32f429xx.o
LOAD ..\obj\stm32f4xx_hal_rcc.o
START GROUP
LOAD c:/program files/gnu tools arm embedded/4.9 2015q1/bin/../lib/gcc/arm-none-eabi/4.9.3/armv7e-m\libgcc.a
LOAD c:/program files/gnu tools arm embedded/4.9 2015q1/bin/../lib/gcc/arm-none-eabi/4.9.3/../../../../arm-none-eabi/lib/armv7e-m\libg.a
LOAD c:/program files/gnu tools arm embedded/4.9 2015q1/bin/../lib/gcc/arm-none-eabi/4.9.3/../../../../arm-none-eabi/lib/armv7e-m\libc.a
END GROUP
LOAD c:/program files/gnu tools arm embedded/4.9 2015q1/bin/../lib/gcc/arm-none-eabi/4.9.3/armv7e-m/crtend.o
LOAD c:/program files/gnu tools arm embedded/4.9 2015q1/bin/../lib/gcc/arm-none-eabi/4.9.3/armv7e-m/crtn.o
OUTPUT(LiuYC.elf elf32-littlearm)

.debug_info     0x00000000     0x1293
 .debug_info    0x00000000      0x1ab ..\obj\main.o
 .debug_info    0x000001ab      0x4b4 ..\obj\system_stm32f4xx.o
 .debug_info    0x0000065f      0x712 ..\obj\stm32f4xx_hal_gpio.o
 .debug_info    0x00000d71      0x484 ..\obj\GPIO.o
 .debug_info    0x000011f5       0x9e ..\obj\startup_stm32f429xx.o

.debug_abbrev   0x00000000      0x4ef
 .debug_abbrev  0x00000000       0xdc ..\obj\main.o
 .debug_abbrev  0x000000dc       0xff ..\obj\system_stm32f4xx.o
 .debug_abbrev  0x000001db      0x1aa ..\obj\stm32f4xx_hal_gpio.o
 .debug_abbrev  0x00000385      0x158 ..\obj\GPIO.o
 .debug_abbrev  0x000004dd       0x12 ..\obj\startup_stm32f429xx.o

.debug_aranges  0x00000000       0xa8
 .debug_aranges
                0x00000000       0x20 ..\obj\main.o
 .debug_aranges
                0x00000020       0x20 ..\obj\system_stm32f4xx.o
 .debug_aranges
                0x00000040       0x20 ..\obj\stm32f4xx_hal_gpio.o
 .debug_aranges
                0x00000060       0x20 ..\obj\GPIO.o
 .debug_aranges
                0x00000080       0x28 ..\obj\startup_stm32f429xx.o

.debug_line     0x00000000      0xa48
 .debug_line    0x00000000      0x1bd ..\obj\main.o
 .debug_line    0x000001bd      0x1b6 ..\obj\system_stm32f4xx.o
 .debug_line    0x00000373      0x42a ..\obj\stm32f4xx_hal_gpio.o
 .debug_line    0x0000079d      0x20b ..\obj\GPIO.o
 .debug_line    0x000009a8       0xa0 ..\obj\startup_stm32f429xx.o

.debug_str      0x00000000      0x62d
 .debug_str     0x00000000      0x1a2 ..\obj\main.o
                                0x1f5 (size before relaxing)
 .debug_str     0x000001a2      0x201 ..\obj\system_stm32f4xx.o
                                0x337 (size before relaxing)
 .debug_str     0x000003a3      0x214 ..\obj\stm32f4xx_hal_gpio.o
                                0x503 (size before relaxing)
 .debug_str     0x000005b7       0x76 ..\obj\GPIO.o
                                0x36b (size before relaxing)

.comment        0x00000000       0x70
 .comment       0x00000000       0x70 ..\obj\main.o
                                 0x71 (size before relaxing)
 .comment       0x00000000       0x71 ..\obj\system_stm32f4xx.o
 .comment       0x00000000       0x71 ..\obj\stm32f4xx_hal_gpio.o
 .comment       0x00000000       0x71 ..\obj\GPIO.o

.debug_frame    0x00000000      0x278
 .debug_frame   0x00000000       0x54 ..\obj\main.o
 .debug_frame   0x00000054       0x58 ..\obj\system_stm32f4xx.o
 .debug_frame   0x000000ac      0x14c ..\obj\stm32f4xx_hal_gpio.o
 .debug_frame   0x000001f8       0x80 ..\obj\GPIO.o

.debug_ranges   0x00000000       0x20
 .debug_ranges  0x00000000       0x20 ..\obj\startup_stm32f429xx.o
